// Jest Snapshot v1, https://goo.gl/fbAQLP

exports[`render chart container with two whole charts and a 1/3 pie chart in green 1`] = `
<div
  className="chartContainer"
  style={
    Object {
      "width": "NaN%",
    }
  }
>
  <div
    className="chart"
  >
    <div
      className="recharts-responsive-container"
      style={
        Object {
          "height": "100%",
          "maxHeight": undefined,
          "minHeight": undefined,
          "minWidth": undefined,
          "width": "100%",
        }
      }
    >
      <div
        style={
          Object {
            "display": "none",
            "height": 0,
            "position": "absolute",
            "visibility": "hidden",
            "width": 0,
          }
        }
      />
    </div>
  </div>
</div>
`;
